#-----------------------------------------------------------
# Vivado v2018.2 (64-bit)
# SW Build 2258646 on Thu Jun 14 20:03:12 MDT 2018
# IP Build 2256618 on Thu Jun 14 22:10:49 MDT 2018
# Start of session at: Tue Nov  5 09:12:29 2024
# Process ID: 14104
# Current directory: E:/VLSI/HW2/Vivado/Cordic_AL
# Command line: vivado.exe -gui_launcher_event rodinguilauncherevent13976 E:\VLSI\HW2\Vivado\Cordic_AL\Cordic_AL.xpr
# Log file: E:/VLSI/HW2/Vivado/Cordic_AL/vivado.log
# Journal file: E:/VLSI/HW2/Vivado/Cordic_AL\vivado.jou
#-----------------------------------------------------------
start_gui
open_project E:/VLSI/HW2/Vivado/Cordic_AL/Cordic_AL.xpr
update_compile_order -fileset sources_1
launch_simulation
source tb1_sub.tcl
current_wave_config {Untitled 1}
add_wave {{/tb1_sub/UUT0/chain_x}} {{/tb1_sub/UUT0/chain_y}} {{/tb1_sub/UUT0/chain_z}} 
relaunch_sim
relaunch_sim
relaunch_sim
run 10 ms
relaunch_sim
relaunch_sim
relaunch_sim
relaunch_sim
relaunch_sim
run 10 ms
relaunch_sim
run 5 ms
